{
  "pocet_nehod": {
    "data": {
      "base": {
        "2016-01": 1,
        "2016-02": 2,
        "2023-01": 2,
        "2023-02": 1
      },
      "normalized": {
        "2016-01": 0.967741935483871,
        "2016-02": 2.0689655172413794,
        "2023-01": 1.935483870967742,
        "2023-02": 1.0714285714285714
      },
      "month01": {
        "2016": 1,
        "2023": 2
      },
      "month02": {
        "2016": 2,
        "2023": 1
      },
      "month03": {},
      "month04": {},
      "month05": {},
      "month06": {},
      "month07": {},
      "month08": {},
      "month09": {},
      "month10": {},
      "month11": {},
      "month12": {}
    },
    "labels": {
      "base": "Po\\u010det nehod",
      "normalized": "Po\\u010det nehod - normalizace",
      "month01": "Po\\u010det nehod - leden",
      "month02": "Po\\u010det nehod - únor",
      "month03": "Po\\u010det nehod - březen",
      "month04": "Po\\u010det nehod - duben",
      "month05": "Po\\u010det nehod - květen",
      "month06": "Po\\u010det nehod - červen",
      "month07": "Po\\u010det nehod - červenec",
      "month08": "Po\\u010det nehod - srpen",
      "month09": "Po\\u010det nehod - září",
      "month10": "Po\\u010det nehod - říjen",
      "month11": "Po\\u010det nehod - listopad",
      "month12": "Po\\u010det nehod - prosinec"
    }
  },
  "pocet_usmrcenych": {
    "data": {
      "base": {
        "2016-01": 2,
        "2016-02": 3,
        "2023-01": 8,
        "2023-02": 0
      },
      "normalized": {
        "2016-01": 1.935483870967742,
        "2016-02": 3.103448275862069,
        "2023-01": 7.741935483870968,
        "2023-02": 0.0
      },
      "month01": {
        "2016": 2,
        "2023": 8
      },
      "month02": {
        "2016": 3,
        "2023": 0
      },
      "month03": {},
      "month04": {},
      "month05": {},
      "month06": {},
      "month07": {},
      "month08": {},
      "month09": {},
      "month10": {},
      "month11": {},
      "month12": {}
    },
    "labels": {
      "base": "Po\\u010det usmrcen\\u00fdch",
      "normalized": "Po\\u010det usmrcen\\u00fdch - normalizace",
      "month01": "Po\\u010det usmrcen\\u00fdch - leden",
      "month02": "Po\\u010det usmrcen\\u00fdch - únor",
      "month03": "Po\\u010det usmrcen\\u00fdch - březen",
      "month04": "Po\\u010det usmrcen\\u00fdch - duben",
      "month05": "Po\\u010det usmrcen\\u00fdch - květen",
      "month06": "Po\\u010det usmrcen\\u00fdch - červen",
      "month07": "Po\\u010det usmrcen\\u00fdch - červenec",
      "month08": "Po\\u010det usmrcen\\u00fdch - srpen",
      "month09": "Po\\u010det usmrcen\\u00fdch - září",
      "month10": "Po\\u010det usmrcen\\u00fdch - říjen",
      "month11": "Po\\u010det usmrcen\\u00fdch - listopad",
      "month12": "Po\\u010det usmrcen\\u00fdch - prosinec"
    }
  },
  "tezce_zranenych_osob": {
    "data": {
      "base": {
        "2016-01": 4,
        "2016-02": 5,
        "2023-01": 5,
        "2023-02": 0
      },
      "normalized": {
        "2016-01": 3.870967741935484,
        "2016-02": 5.172413793103448,
        "2023-01": 4.838709677419355,
        "2023-02": 0.0
      },
      "month01": {
        "2016": 4,
        "2023": 5
      },
      "month02": {
        "2016": 5,
        "2023": 0
      },
      "month03": {},
      "month04": {},
      "month05": {},
      "month06": {},
      "month07": {},
      "month08": {},
      "month09": {},
      "month10": {},
      "month11": {},
      "month12": {}
    },
    "labels": {
      "base": "T\\u011b\\u017ece zran\\u011bn\\u00fdch osob",
      "normalized": "T\\u011b\\u017ece zran\\u011bn\\u00fdch osob - normalizace",
      "month01": "T\\u011b\\u017ece zran\\u011bn\\u00fdch osob - leden",
      "month02": "T\\u011b\\u017ece zran\\u011bn\\u00fdch osob - únor",
      "month03": "T\\u011b\\u017ece zran\\u011bn\\u00fdch osob - březen",
      "month04": "T\\u011b\\u017ece zran\\u011bn\\u00fdch osob - duben",
      "month05": "T\\u011b\\u017ece zran\\u011bn\\u00fdch osob - květen",
      "month06": "T\\u011b\\u017ece zran\\u011bn\\u00fdch osob - červen",
      "month07": "T\\u011b\\u017ece zran\\u011bn\\u00fdch osob - červenec",
      "month08": "T\\u011b\\u017ece zran\\u011bn\\u00fdch osob - srpen",
      "month09": "T\\u011b\\u017ece zran\\u011bn\\u00fdch osob - září",
      "month10": "T\\u011b\\u017ece zran\\u011bn\\u00fdch osob - říjen",
      "month11": "T\\u011b\\u017ece zran\\u011bn\\u00fdch osob - listopad",
      "month12": "T\\u011b\\u017ece zran\\u011bn\\u00fdch osob - prosinec"
    }
  },
  "lehce_zranenych_osob": {
    "data": {
      "base": {
        "2016-01": 10,
        "2016-02": 15,
        "2023-01": 25,
        "2023-02": 0
      },
      "normalized": {
        "2016-01": 9.67741935483871,
        "2016-02": 15.517241379310345,
        "2023-01": 24.193548387096772,
        "2023-02": 0.0
      },
      "month01": {
        "2016": 10,
        "2023": 25
      },
      "month02": {
        "2016": 15,
        "2023": 0
      },
      "month03": {},
      "month04": {},
      "month05": {},
      "month06": {},
      "month07": {},
      "month08": {},
      "month09": {},
      "month10": {},
      "month11": {},
      "month12": {}
    },
    "labels": {
      "base": "Lehce zran\\u011bn\\u00fdch osob",
      "normalized": "Lehce zran\\u011bn\\u00fdch osob - normalizace",
      "month01": "Lehce zran\\u011bn\\u00fdch osob - leden",
      "month02": "Lehce zran\\u011bn\\u00fdch osob - únor",
      "month03": "Lehce zran\\u011bn\\u00fdch osob - březen",
      "month04": "Lehce zran\\u011bn\\u00fdch osob - duben",
      "month05": "Lehce zran\\u011bn\\u00fdch osob - květen",
      "month06": "Lehce zran\\u011bn\\u00fdch osob - červen",
      "month07": "Lehce zran\\u011bn\\u00fdch osob - červenec",
      "month08": "Lehce zran\\u011bn\\u00fdch osob - srpen",
      "month09": "Lehce zran\\u011bn\\u00fdch osob - září",
      "month10": "Lehce zran\\u011bn\\u00fdch osob - říjen",
      "month11": "Lehce zran\\u011bn\\u00fdch osob - listopad",
      "month12": "Lehce zran\\u011bn\\u00fdch osob - prosinec"
    }
  },
  "pocty_druhu_nehod": {
    "data": {
      "1": {
        "2016-01": 1
      },
      "0": {
        "2016-02": 1
      },
      "3": {
        "2016-02": 1
      },
      "2": {
        "2023-01": 2,
        "2023-02": 1
      }
    },
    "labels": {
      "1": "",
      "0": "",
      "3": "",
      "2": ""
    }
  },
  "pocty_druhu_srazek_jedoucich_vozidel": {
    "data": {
      "1": {
        "2016-01": 1
      },
      "2": {
        "2016-02": 1
      },
      "3": {
        "2023-01": 2,
        "2023-02": 1
      }
    },
    "labels": {
      "1": "",
      "2": "",
      "3": ""
    }
  },
  "pocty_druhu_pevnych_prekazek": {
    "data": {
      "1": {
        "2016-01": 1
      },
      "2": {
        "2016-02": 1
      },
      "8": {
        "2023-01": 2,
        "2023-02": 1
      }
    },
    "labels": {
      "1": "",
      "2": "",
      "8": ""
    }
  },
  "zavineni_nehody": {
    "data": {
      "0": {
        "2016-01": 0,
        "2016-02": 1,
        "2023-01": 0,
        "2023-02": 0
      },
      "1": {
        "2016-01": 1,
        "2016-02": 0,
        "2023-01": 0,
        "2023-02": 0
      },
      "2": {
        "2016-01": 0,
        "2016-02": 1,
        "2023-01": 0,
        "2023-02": 0
      },
      "3": {
        "2016-01": 0,
        "2016-02": 0,
        "2023-01": 0,
        "2023-02": 0
      },
      "4": {
        "2016-01": 0,
        "2016-02": 0,
        "2023-01": 0,
        "2023-02": 0
      },
      "5": {
        "2016-01": 0,
        "2016-02": 0,
        "2023-01": 0,
        "2023-02": 0
      },
      "6": {
        "2016-01": 0,
        "2016-02": 0,
        "2023-01": 0,
        "2023-02": 1
      },
      "7": {
        "2016-01": 0,
        "2016-02": 0,
        "2023-01": 2,
        "2023-02": 0
      }
    },
    "labels": {
      "0": "",
      "1": "",
      "2": "",
      "3": "",
      "4": "",
      "5": "",
      "6": "",
      "7": ""
    }
  },
  "alkohol_u_vinika": {
    "data": {
      "0": {
        "2016-01": 0,
        "2016-02": 1,
        "2023-01": 0,
        "2023-02": 0
      },
      "1": {
        "2016-01": 1,
        "2016-02": 0,
        "2023-01": 0,
        "2023-02": 0
      },
      "2": {
        "2016-01": 0,
        "2016-02": 1,
        "2023-01": 0,
        "2023-02": 0
      },
      "3": {
        "2016-01": 0,
        "2016-02": 0,
        "2023-01": 0,
        "2023-02": 0
      },
      "4": {
        "2016-01": 0,
        "2016-02": 0,
        "2023-01": 0,
        "2023-02": 0
      },
      "5": {
        "2016-01": 0,
        "2016-02": 0,
        "2023-01": 0,
        "2023-02": 0
      },
      "6": {
        "2016-01": 0,
        "2016-02": 0,
        "2023-01": 0,
        "2023-02": 0
      },
      "7": {
        "2016-01": 0,
        "2016-02": 0,
        "2023-01": 0,
        "2023-02": 0
      },
      "8": {
        "2016-01": 0,
        "2016-02": 0,
        "2023-01": 2,
        "2023-02": 0
      },
      "9": {
        "2016-01": 0,
        "2016-02": 0,
        "2023-01": 0,
        "2023-02": 1
      }
    },
    "labels": {
      "0": "",
      "1": "",
      "2": "",
      "3": "",
      "4": "",
      "5": "",
      "6": "",
      "7": "",
      "8": "",
      "9": ""
    }
  },
  "hlavni_priciny_nehody": {
    "data": {
      "1": {
        "2016-01": 1,
        "2016-02": 0,
        "2023-01": 0,
        "2023-02": 1
      },
      "2": {
        "2016-01": 0,
        "2016-02": 2,
        "2023-01": 0,
        "2023-02": 0
      },
      "3": {
        "2016-01": 0,
        "2016-02": 0,
        "2023-01": 0,
        "2023-02": 0
      },
      "4": {
        "2016-01": 0,
        "2016-02": 0,
        "2023-01": 0,
        "2023-02": 0
      },
      "5": {
        "2016-01": 0,
        "2016-02": 0,
        "2023-01": 2,
        "2023-02": 0
      },
      "6": {
        "2016-01": 0,
        "2016-02": 0,
        "2023-01": 0,
        "2023-02": 0
      }
    },
    "labels": {
      "1": "",
      "2": "",
      "3": "",
      "4": "",
      "5": "",
      "6": ""
    }
  },
  "hlavni_priciny_nehody_podrobne": {
    "data": {
      "100": {
        "2016-01": 1,
        "2016-02": 0,
        "2023-01": 0,
        "2023-02": 1
      },
      "201": {
        "2016-01": 0,
        "2016-02": 0,
        "2023-01": 0,
        "2023-02": 0
      },
      "202": {
        "2016-01": 0,
        "2016-02": 1,
        "2023-01": 0,
        "2023-02": 0
      },
      "203": {
        "2016-01": 0,
        "2016-02": 0,
        "2023-01": 0,
        "2023-02": 0
      },
      "204": {
        "2016-01": 0,
        "2016-02": 0,
        "2023-01": 0,
        "2023-02": 0
      },
      "205": {
        "2016-01": 0,
        "2016-02": 0,
        "2023-01": 0,
        "2023-02": 0
      },
      "206": {
        "2016-01": 0,
        "2016-02": 0,
        "2023-01": 0,
        "2023-02": 0
      },
      "207": {
        "2016-01": 0,
        "2016-02": 0,
        "2023-01": 0,
        "2023-02": 0
      },
      "208": {
        "2016-01": 0,
        "2016-02": 0,
        "2023-01": 0,
        "2023-02": 0
      },
      "209": {
        "2016-01": 0,
        "2016-02": 1,
        "2023-01": 0,
        "2023-02": 0
      },
      "301": {
        "2016-01": 0,
        "2016-02": 0,
        "2023-01": 0,
        "2023-02": 0
      },
      "302": {
        "2016-01": 0,
        "2016-02": 0,
        "2023-01": 0,
        "2023-02": 0
      },
      "303": {
        "2016-01": 0,
        "2016-02": 0,
        "2023-01": 0,
        "2023-02": 0
      },
      "304": {
        "2016-01": 0,
        "2016-02": 0,
        "2023-01": 0,
        "2023-02": 0
      },
      "305": {
        "2016-01": 0,
        "2016-02": 0,
        "2023-01": 0,
        "2023-02": 0
      },
      "306": {
        "2016-01": 0,
        "2016-02": 0,
        "2023-01": 0,
        "2023-02": 0
      },
      "307": {
        "2016-01": 0,
        "2016-02": 0,
        "2023-01": 0,
        "2023-02": 0
      },
      "308": {
        "2016-01": 0,
        "2016-02": 0,
        "2023-01": 0,
        "2023-02": 0
      },
      "309": {
        "2016-01": 0,
        "2016-02": 0,
        "2023-01": 0,
        "2023-02": 0
      },
      "310": {
        "2016-01": 0,
        "2016-02": 0,
        "2023-01": 0,
        "2023-02": 0
      },
      "311": {
        "2016-01": 0,
        "2016-02": 0,
        "2023-01": 0,
        "2023-02": 0
      },
      "401": {
        "2016-01": 0,
        "2016-02": 0,
        "2023-01": 0,
        "2023-02": 0
      },
      "402": {
        "2016-01": 0,
        "2016-02": 0,
        "2023-01": 0,
        "2023-02": 0
      },
      "403": {
        "2016-01": 0,
        "2016-02": 0,
        "2023-01": 0,
        "2023-02": 0
      },
      "404": {
        "2016-01": 0,
        "2016-02": 0,
        "2023-01": 0,
        "2023-02": 0
      },
      "405": {
        "2016-01": 0,
        "2016-02": 0,
        "2023-01": 0,
        "2023-02": 0
      },
      "406": {
        "2016-01": 0,
        "2016-02": 0,
        "2023-01": 0,
        "2023-02": 0
      },
      "407": {
        "2016-01": 0,
        "2016-02": 0,
        "2023-01": 0,
        "2023-02": 0
      },
      "408": {
        "2016-01": 0,
        "2016-02": 0,
        "2023-01": 0,
        "2023-02": 0
      },
      "409": {
        "2016-01": 0,
        "2016-02": 0,
        "2023-01": 0,
        "2023-02": 0
      },
      "410": {
        "2016-01": 0,
        "2016-02": 0,
        "2023-01": 0,
        "2023-02": 0
      },
      "411": {
        "2016-01": 0,
        "2016-02": 0,
        "2023-01": 0,
        "2023-02": 0
      },
      "412": {
        "2016-01": 0,
        "2016-02": 0,
        "2023-01": 0,
        "2023-02": 0
      },
      "413": {
        "2016-01": 0,
        "2016-02": 0,
        "2023-01": 0,
        "2023-02": 0
      },
      "414": {
        "2016-01": 0,
        "2016-02": 0,
        "2023-01": 0,
        "2023-02": 0
      },
      "501": {
        "2016-01": 0,
        "2016-02": 0,
        "2023-01": 1,
        "2023-02": 0
      },
      "502": {
        "2016-01": 0,
        "2016-02": 0,
        "2023-01": 0,
        "2023-02": 0
      },
      "503": {
        "2016-01": 0,
        "2016-02": 0,
        "2023-01": 0,
        "2023-02": 0
      },
      "504": {
        "2016-01": 0,
        "2016-02": 0,
        "2023-01": 0,
        "2023-02": 0
      },
      "505": {
        "2016-01": 0,
        "2016-02": 0,
        "2023-01": 0,
        "2023-02": 0
      },
      "506": {
        "2016-01": 0,
        "2016-02": 0,
        "2023-01": 0,
        "2023-02": 0
      },
      "507": {
        "2016-01": 0,
        "2016-02": 0,
        "2023-01": 0,
        "2023-02": 0
      },
      "508": {
        "2016-01": 0,
        "2016-02": 0,
        "2023-01": 0,
        "2023-02": 0
      },
      "509": {
        "2016-01": 0,
        "2016-02": 0,
        "2023-01": 0,
        "2023-02": 0
      },
      "510": {
        "2016-01": 0,
        "2016-02": 0,
        "2023-01": 0,
        "2023-02": 0
      },
      "511": {
        "2016-01": 0,
        "2016-02": 0,
        "2023-01": 0,
        "2023-02": 0
      },
      "512": {
        "2016-01": 0,
        "2016-02": 0,
        "2023-01": 0,
        "2023-02": 0
      },
      "513": {
        "2016-01": 0,
        "2016-02": 0,
        "2023-01": 0,
        "2023-02": 0
      },
      "514": {
        "2016-01": 0,
        "2016-02": 0,
        "2023-01": 0,
        "2023-02": 0
      },
      "515": {
        "2016-01": 0,
        "2016-02": 0,
        "2023-01": 0,
        "2023-02": 0
      },
      "516": {
        "2016-01": 0,
        "2016-02": 0,
        "2023-01": 1,
        "2023-02": 0
      },
      "601": {
        "2016-01": 0,
        "2016-02": 0,
        "2023-01": 0,
        "2023-02": 0
      },
      "602": {
        "2016-01": 0,
        "2016-02": 0,
        "2023-01": 0,
        "2023-02": 0
      },
      "603": {
        "2016-01": 0,
        "2016-02": 0,
        "2023-01": 0,
        "2023-02": 0
      },
      "604": {
        "2016-01": 0,
        "2016-02": 0,
        "2023-01": 0,
        "2023-02": 0
      },
      "605": {
        "2016-01": 0,
        "2016-02": 0,
        "2023-01": 0,
        "2023-02": 0
      },
      "606": {
        "2016-01": 0,
        "2016-02": 0,
        "2023-01": 0,
        "2023-02": 0
      },
      "607": {
        "2016-01": 0,
        "2016-02": 0,
        "2023-01": 0,
        "2023-02": 0
      },
      "608": {
        "2016-01": 0,
        "2016-02": 0,
        "2023-01": 0,
        "2023-02": 0
      },
      "609": {
        "2016-01": 0,
        "2016-02": 0,
        "2023-01": 0,
        "2023-02": 0
      },
      "610": {
        "2016-01": 0,
        "2016-02": 0,
        "2023-01": 0,
        "2023-02": 0
      },
      "611": {
        "2016-01": 0,
        "2016-02": 0,
        "2023-01": 0,
        "2023-02": 0
      },
      "612": {
        "2016-01": 0,
        "2016-02": 0,
        "2023-01": 0,
        "2023-02": 0
      },
      "613": {
        "2016-01": 0,
        "2016-02": 0,
        "2023-01": 0,
        "2023-02": 0
      },
      "614": {
        "2016-01": 0,
        "2016-02": 0,
        "2023-01": 0,
        "2023-02": 0
      },
      "615": {
        "2016-01": 0,
        "2016-02": 0,
        "2023-01": 0,
        "2023-02": 0
      }
    },
    "labels": {
      "100": "",
      "201": "",
      "202": "",
      "203": "",
      "204": "",
      "205": "",
      "206": "",
      "207": "",
      "208": "",
      "209": "",
      "301": "",
      "302": "",
      "303": "",
      "304": "",
      "305": "",
      "306": "",
      "307": "",
      "308": "",
      "309": "",
      "310": "",
      "311": "",
      "401": "",
      "402": "",
      "403": "",
      "404": "",
      "405": "",
      "406": "",
      "407": "",
      "408": "",
      "409": "",
      "410": "",
      "411": "",
      "412": "",
      "413": "",
      "414": "",
      "501": "",
      "502": "",
      "503": "",
      "504": "",
      "505": "",
      "506": "",
      "507": "",
      "508": "",
      "509": "",
      "510": "",
      "511": "",
      "512": "",
      "513": "",
      "514": "",
      "515": "",
      "516": "",
      "601": "",
      "602": "",
      "603": "",
      "604": "",
      "605": "",
      "606": "",
      "607": "",
      "608": "",
      "609": "",
      "610": "",
      "611": "",
      "612": "",
      "613": "",
      "614": "",
      "615": ""
    }
  },
  "pocty_druhu_zvere": {
    "data": {
      "1": {
        "2023-01": 2
      },
      "2": {
        "2023-01": 0
      },
      "3": {
        "2023-01": 0
      },
      "4": {
        "2023-01": 0
      },
      "5": {
        "2023-01": 0
      },
      "6": {
        "2023-01": 0
      },
      "7": {
        "2023-01": 0
      },
      "8": {
        "2023-01": 0
      },
      "9": {
        "2023-01": 0
      },
      "10": {
        "2023-01": 0
      },
      "11": {
        "2023-01": 0
      },
      "12": {
        "2023-01": 0
      },
      "13": {
        "2023-01": 0
      },
      "14": {
        "2023-01": 0
      },
      "15": {
        "2023-01": 0
      },
      "16": {
        "2023-01": 0
      },
      "17": {
        "2023-01": 0
      },
      "18": {
        "2023-01": 0
      },
      "19": {
        "2023-01": 0
      },
      "20": {
        "2023-01": 0
      },
      "21": {
        "2023-01": 0
      },
      "22": {
        "2023-01": 0
      }
    },
    "labels": {
      "1": "",
      "2": "",
      "3": "",
      "4": "",
      "5": "",
      "6": "",
      "7": "",
      "8": "",
      "9": "",
      "10": "",
      "11": "",
      "12": "",
      "13": "",
      "14": "",
      "15": "",
      "16": "",
      "17": "",
      "18": "",
      "19": "",
      "20": "",
      "21": "",
      "22": ""
    }
  },
  "drogy_u_vinika": {
    "data": {
      "0": {
        "2023-01": 0,
        "2023-02": 1
      },
      "1": {
        "2023-01": 0,
        "2023-02": 0
      },
      "2": {
        "2023-01": 0,
        "2023-02": 0
      },
      "3": {
        "2023-01": 0,
        "2023-02": 0
      },
      "4": {
        "2023-01": 0,
        "2023-02": 0
      },
      "5": {
        "2023-01": 0,
        "2023-02": 0
      },
      "6": {
        "2023-01": 2,
        "2023-02": 0
      },
      "7": {
        "2023-01": 0,
        "2023-02": 0
      },
      "8": {
        "2023-01": 0,
        "2023-02": 0
      }
    },
    "labels": {
      "0": "",
      "1": "",
      "2": "",
      "3": "",
      "4": "",
      "5": "",
      "6": "",
      "7": "",
      "8": ""
    }
  },
  "meta": {
    "source": "Meaningless test data."
  }
}